// Jest Snapshot v1, https://goo.gl/fbAQLP

exports[`test utils cartesian product should work as expected 1`] = `
Array [
  Array [
    0,
    "a",
  ],
  Array [
    0,
    "b",
  ],
  Array [
    0,
    "c",
  ],
  Array [
    0,
    "d",
  ],
  Array [
    0,
    "e",
  ],
  Array [
    1,
    "a",
  ],
  Array [
    1,
    "b",
  ],
  Array [
    1,
    "c",
  ],
  Array [
    1,
    "d",
  ],
  Array [
    1,
    "e",
  ],
  Array [
    2,
    "a",
  ],
  Array [
    2,
    "b",
  ],
  Array [
    2,
    "c",
  ],
  Array [
    2,
    "d",
  ],
  Array [
    2,
    "e",
  ],
  Array [
    3,
    "a",
  ],
  Array [
    3,
    "b",
  ],
  Array [
    3,
    "c",
  ],
  Array [
    3,
    "d",
  ],
  Array [
    3,
    "e",
  ],
  Array [
    4,
    "a",
  ],
  Array [
    4,
    "b",
  ],
  Array [
    4,
    "c",
  ],
  Array [
    4,
    "d",
  ],
  Array [
    4,
    "e",
  ],
  Array [
    5,
    "a",
  ],
  Array [
    5,
    "b",
  ],
  Array [
    5,
    "c",
  ],
  Array [
    5,
    "d",
  ],
  Array [
    5,
    "e",
  ],
]
`;

exports[`test utils cartesian product should work as expected 2`] = `
Array [
  Array [
    "a",
    0,
  ],
  Array [
    "a",
    1,
  ],
  Array [
    "a",
    2,
  ],
  Array [
    "a",
    3,
  ],
  Array [
    "a",
    4,
  ],
  Array [
    "a",
    5,
  ],
  Array [
    "b",
    0,
  ],
  Array [
    "b",
    1,
  ],
  Array [
    "b",
    2,
  ],
  Array [
    "b",
    3,
  ],
  Array [
    "b",
    4,
  ],
  Array [
    "b",
    5,
  ],
  Array [
    "c",
    0,
  ],
  Array [
    "c",
    1,
  ],
  Array [
    "c",
    2,
  ],
  Array [
    "c",
    3,
  ],
  Array [
    "c",
    4,
  ],
  Array [
    "c",
    5,
  ],
  Array [
    "d",
    0,
  ],
  Array [
    "d",
    1,
  ],
  Array [
    "d",
    2,
  ],
  Array [
    "d",
    3,
  ],
  Array [
    "d",
    4,
  ],
  Array [
    "d",
    5,
  ],
  Array [
    "e",
    0,
  ],
  Array [
    "e",
    1,
  ],
  Array [
    "e",
    2,
  ],
  Array [
    "e",
    3,
  ],
  Array [
    "e",
    4,
  ],
  Array [
    "e",
    5,
  ],
]
`;

exports[`test utils cartesian product should work as expected 3`] = `
Array [
  Array [
    0,
    0,
  ],
  Array [
    0,
    1,
  ],
  Array [
    0,
    2,
  ],
  Array [
    0,
    3,
  ],
  Array [
    0,
    4,
  ],
  Array [
    0,
    5,
  ],
  Array [
    1,
    0,
  ],
  Array [
    1,
    1,
  ],
  Array [
    1,
    2,
  ],
  Array [
    1,
    3,
  ],
  Array [
    1,
    4,
  ],
  Array [
    1,
    5,
  ],
  Array [
    2,
    0,
  ],
  Array [
    2,
    1,
  ],
  Array [
    2,
    2,
  ],
  Array [
    2,
    3,
  ],
  Array [
    2,
    4,
  ],
  Array [
    2,
    5,
  ],
  Array [
    3,
    0,
  ],
  Array [
    3,
    1,
  ],
  Array [
    3,
    2,
  ],
  Array [
    3,
    3,
  ],
  Array [
    3,
    4,
  ],
  Array [
    3,
    5,
  ],
  Array [
    4,
    0,
  ],
  Array [
    4,
    1,
  ],
  Array [
    4,
    2,
  ],
  Array [
    4,
    3,
  ],
  Array [
    4,
    4,
  ],
  Array [
    4,
    5,
  ],
  Array [
    5,
    0,
  ],
  Array [
    5,
    1,
  ],
  Array [
    5,
    2,
  ],
  Array [
    5,
    3,
  ],
  Array [
    5,
    4,
  ],
  Array [
    5,
    5,
  ],
]
`;

exports[`test utils cartesian product should work as expected 4`] = `
Array [
  Array [
    "a",
    "a",
  ],
  Array [
    "a",
    "b",
  ],
  Array [
    "a",
    "c",
  ],
  Array [
    "a",
    "d",
  ],
  Array [
    "a",
    "e",
  ],
  Array [
    "b",
    "a",
  ],
  Array [
    "b",
    "b",
  ],
  Array [
    "b",
    "c",
  ],
  Array [
    "b",
    "d",
  ],
  Array [
    "b",
    "e",
  ],
  Array [
    "c",
    "a",
  ],
  Array [
    "c",
    "b",
  ],
  Array [
    "c",
    "c",
  ],
  Array [
    "c",
    "d",
  ],
  Array [
    "c",
    "e",
  ],
  Array [
    "d",
    "a",
  ],
  Array [
    "d",
    "b",
  ],
  Array [
    "d",
    "c",
  ],
  Array [
    "d",
    "d",
  ],
  Array [
    "d",
    "e",
  ],
  Array [
    "e",
    "a",
  ],
  Array [
    "e",
    "b",
  ],
  Array [
    "e",
    "c",
  ],
  Array [
    "e",
    "d",
  ],
  Array [
    "e",
    "e",
  ],
]
`;
