// Jest Snapshot v1, https://goo.gl/fbAQLP

exports[`preset-rules documentation should throw error for non existent rule 1`] = `"Unable to find rule: foo"`;
