// Jest Snapshot v1, https://goo.gl/fbAQLP

exports[`WCAG Metadata extractor should format WCAG metadata when required data is present (arg:["wcag2a"]) 1`] = `"SA11Y-best-practice-P3"`;

exports[`WCAG Metadata extractor should format WCAG metadata when required data is present (arg:["wcag21aaa"]) 1`] = `"SA11Y-best-practice-P3"`;

exports[`WCAG Metadata extractor should format WCAG metadata when required data is present (arg:["wcag222", "wcag21aa"]) 1`] = `"SA11Y-WCAG-SC2.2.2-P3"`;
