// Jest Snapshot v1, https://goo.gl/fbAQLP

exports[`a11y Results Formatter should format a11y issues as expected 1`] = `
"Page must have means to bypass repeated blocks (bypass): html
  - More info: https://dequeuniversity.com/rules/axe/3.5/bypass?application=axeAPI

Documents must have <title> element to aid in navigation (document-title): html
  - More info: https://dequeuniversity.com/rules/axe/3.5/document-title?application=axeAPI

<html> element must have a lang attribute (html-has-lang): html
  - More info: https://dequeuniversity.com/rules/axe/3.5/html-has-lang?application=axeAPI

Document must have one main landmark (landmark-one-main): html
  - More info: https://dequeuniversity.com/rules/axe/3.5/landmark-one-main?application=axeAPI

Links must have discernible text (link-name): a
  - More info: https://dequeuniversity.com/rules/axe/3.5/link-name?application=axeAPI

Page must contain a level-one heading (page-has-heading-one): html
  - More info: https://dequeuniversity.com/rules/axe/3.5/page-has-heading-one?application=axeAPI"
`;
