// Jest Snapshot v1, https://goo.gl/fbAQLP

exports[`integration test @sa11y/jest show throw error for inaccessible dom 1`] = `
[Error: [2mexpect([22m[31m5 issues[39m[2m)toBeAccessible: expected document to have no accessibility violations but found 5 issues: [22m
[2m[22m
[2m [31m"â­• (bypass) Page must have means to bypass repeated blocks: html"[39m[22m
[2m	ðŸ”— Help URL: https://dequeuniversity.com/rules/axe/3.5/bypass[22m
[2m[22m
[2m[31m"â­• (document-title) Documents must have <title> element to aid in navigation: html"[39m[22m
[2m	ðŸ”— Help URL: https://dequeuniversity.com/rules/axe/3.5/document-title[22m
[2m[22m
[2m[31m"â­• (link-name) Links must have discernible text: a"[39m[22m
[2m	ðŸ”— Help URL: https://dequeuniversity.com/rules/axe/3.5/link-name[22m
[2m[22m
[2m[31m"â­• (landmark-one-main) Document must have one main landmark: html"[39m[22m
[2m	ðŸ”— Help URL: https://dequeuniversity.com/rules/axe/3.5/landmark-one-main[22m
[2m[22m
[2m[31m"â­• (page-has-heading-one) Page must contain a level-one heading: html"[39m[22m
[2m	ðŸ”— Help URL: https://dequeuniversity.com/rules/axe/3.5/page-has-heading-one([22m[32m0 issues[39m[2m)[22m]
`;
