// Jest Snapshot v1, https://goo.gl/fbAQLP

exports[`integration test @sa11y/jest should throw error for inaccessible dom 1`] = `
"[2mexpect([22m[31m3 issues[39m[2m)toBeAccessible: expected document to have no accessibility violations but found 3 issues: [22m
[2m[22m
[2m [31m\\"â­• (document-title) Documents must have <title> element to aid in navigation: html\\"[39m[22m
[2m	ðŸ”— Help URL: https://dequeuniversity.com/rules/axe/4.3/document-title[22m
[2m[22m
[2m[31m\\"â­• (link-name) Links must have discernible text: a\\"[39m[22m
[2m	ðŸ”— Help URL: https://dequeuniversity.com/rules/axe/4.3/link-name[22m
[2m[22m
[2m[31m\\"â­• (page-has-heading-one) Page should contain a level-one heading: html\\"[39m[22m
[2m	ðŸ”— Help URL: https://dequeuniversity.com/rules/axe/4.3/page-has-heading-one([22m[32m0 issues[39m[2m)[22m"
`;
